******************************************************************************
                  TI ARM Linker PC v16.9.0                     
******************************************************************************
>> Linked Fri Jan 27 12:11:11 2017

OUTPUT FILE NAME:   <testDetector.out>
ENTRY POINT SYMBOL: "_c_int00"  address: 0000083d


MEMORY CONFIGURATION

         name            origin    length      used     unused   attr    fill
----------------------  --------  ---------  --------  --------  ----  --------
  MAIN                  00000000   00040000  00000b7e  0003f482  R  X
  INFO                  00200000   00004000  00000000  00004000  R  X
  SRAM_CODE             01000000   00010000  0000024e  0000fdb2  RW X
  SRAM_DATA             20000000   00010000  0000024e  0000fdb2  RW  


SEGMENT ALLOCATION MAP

run origin  load origin   length   init length attrs members
----------  ----------- ---------- ----------- ----- -------
00000000    00000000    00000b80   00000b80    r-x
  00000000    00000000    000000e4   000000e4    r-- .intvecs
  000000e4    000000e4    000009da   000009da    r-x .text
  00000ac0    00000ac0    00000058   00000058    r-- .const
  00000b18    00000b18    00000068   00000068    r-- .cinit
20000000    20000000    0000004e   00000000    rw-
  20000000    20000000    0000004c   00000000    rw- .data
  2000004c    2000004c    00000002   00000000    rw- .bss
2000fe00    2000fe00    00000200   00000000    rw-
  2000fe00    2000fe00    00000200   00000000    rw- .stack


SECTION ALLOCATION MAP

 output                                  attributes/
section   page    origin      length       input sections
--------  ----  ----------  ----------   ----------------
.intvecs   0    00000000    000000e4     
                  00000000    000000e4     startup_msp432p401r_ccs.obj (.intvecs:retain)

.binit     0    00000000    00000000     

.text      0    000000e4    000009da     
                  000000e4    0000032c     system_msp432p401r.obj (.text)
                  00000410    00000128     testDetect.obj (.text)
                  00000538    000000b2     msp432p4xx_driverlib.lib : timer_a.o (.text:privateTimer_AProcessClockSourceDivider)
                  000005ea    0000009c     rtsv7M4_T_le_v4SPD16_eabi.lib : memcpy_t2.obj (.text)
                  00000686    0000007a                                   : memset_t2.obj (.text)
                  00000700    00000070                                   : autoinit.obj (.text)
                  00000770    00000068                                   : copy_decompress_lzss.obj (.text:decompress:lzss)
                  000007d8    00000064     msp432p4xx_driverlib.lib : interrupt.o (.text:Interrupt_enableInterrupt)
                  0000083c    00000054     rtsv7M4_T_le_v4SPD16_eabi.lib : boot.obj (.text)
                  00000890    00000054                                   : exit.obj (.text)
                  000008e4    0000004c                                   : cpy_tbl.obj (.text)
                  00000930    00000044     msp432p4xx_driverlib.lib : timer_a.o (.text:Timer_A_configureUpMode)
                  00000974    00000030                              : gpio.o (.text:GPIO_setAsInputPinWithPullUpResistor)
                  000009a4    00000024                              : gpio.o (.text:GPIO_setAsOutputPin)
                  000009c8    00000020                              : gpio.o (.text:GPIO_interruptEdgeSelect)
                  000009e8    0000001a                              : timer_a.o (.text:Timer_A_clearCaptureCompareInterrupt)
                  00000a02    00000002     rtsv7M4_T_le_v4SPD16_eabi.lib : mpu_init.obj (.text)
                  00000a04    00000018     msp432p4xx_driverlib.lib : gpio.o (.text:GPIO_clearInterruptFlag)
                  00000a1c    00000018                              : gpio.o (.text:GPIO_setOutputLowOnPin)
                  00000a34    00000018     rtsv7M4_T_le_v4SPD16_eabi.lib : args_main.obj (.text)
                  00000a4c    00000014     msp432p4xx_driverlib.lib : gpio.o (.text:GPIO_enableInterrupt)
                  00000a60    00000014                              : gpio.o (.text:GPIO_setOutputHighOnPin)
                  00000a74    00000014     rtsv7M4_T_le_v4SPD16_eabi.lib : _lock.obj (.text)
                  00000a88    0000000e                                   : copy_decompress_none.obj (.text:decompress:none)
                  00000a96    0000000e     startup_msp432p401r_ccs.obj (.text)
                  00000aa4    0000000c     rtsv7M4_T_le_v4SPD16_eabi.lib : copy_zero_init.obj (.text:decompress:ZI)
                  00000ab0    00000008     msp432p4xx_driverlib.lib : timer_a.o (.text:Timer_A_startCounter)
                  00000ab8    00000004     rtsv7M4_T_le_v4SPD16_eabi.lib : pre_init.obj (.text)
                  00000abc    00000002                                   : startup.obj (.text)

.const     0    00000ac0    00000058     
                  00000ac0    00000040     msp432p4xx_driverlib.lib : interrupt.o (.const)
                  00000b00    00000018     testDetect.obj (.const:upConfig)

.cinit     0    00000b18    00000068     
                  00000b18    0000003d     (.cinit..data.load) [load image, compression = lzss]
                  00000b55    00000003     --HOLE-- [fill = 0]
                  00000b58    0000000c     (__TI_handler_table)
                  00000b64    00000004     --HOLE-- [fill = 0]
                  00000b68    00000008     (.cinit..bss.load) [load image, compression = zero_init]
                  00000b70    00000010     (__TI_cinit_table)

.init_array 
*          0    00000000    00000000     UNINITIALIZED

.data      0    20000000    0000004c     UNINITIALIZED
                  20000000    00000030     msp432p4xx_driverlib.lib : gpio.o (.data:GPIO_PORT_TO_BASE)
                  20000030    0000000c     rtsv7M4_T_le_v4SPD16_eabi.lib : exit.obj (.data:$O1$$)
                  2000003c    00000008                                   : _lock.obj (.data:$O1$$)
                  20000044    00000004                                   : stkdepth_vars.obj (.data)
                  20000048    00000004     system_msp432p401r.obj (.data)

.bss       0    2000004c    00000002     UNINITIALIZED
                  2000004c    00000002     (.common:count)

.stack     0    2000fe00    00000200     UNINITIALIZED
                  2000fe00    00000200     --HOLE--

MODULE SUMMARY

       Module                        code   ro data   rw data
       ------                        ----   -------   -------
    .\
       system_msp432p401r.obj        812    0         8      
       testDetect.obj                296    24        4      
       startup_msp432p401r_ccs.obj   14     228       0      
    +--+-----------------------------+------+---------+---------+
       Total:                        1122   252       12     
                                                             
    ../msp432p4xx_driverlib.lib
       gpio.o                        204    0         96     
       timer_a.o                     280    0         0      
       interrupt.o                   100    64        0      
    +--+-----------------------------+------+---------+---------+
       Total:                        584    64        96     
                                                             
    C:\ti\ccsv7\tools\compiler\ti-cgt-arm_16.9.0.LTS\lib\rtsv7M4_T_le_v4SPD16_eabi.lib
       memcpy_t2.obj                 156    0         0      
       memset_t2.obj                 122    0         0      
       autoinit.obj                  112    0         0      
       exit.obj                      84     0         24     
       copy_decompress_lzss.obj      104    0         0      
       boot.obj                      84     0         0      
       cpy_tbl.obj                   76     0         0      
       _lock.obj                     20     0         16     
       args_main.obj                 24     0         0      
       copy_decompress_none.obj      14     0         0      
       copy_zero_init.obj            12     0         0      
       stkdepth_vars.obj             0      0         8      
       pre_init.obj                  4      0         0      
       mpu_init.obj                  2      0         0      
       startup.obj                   2      0         0      
    +--+-----------------------------+------+---------+---------+
       Total:                        816    0         48     
                                                             
       Stack:                        0      0         1024   
       Linker Generated:             0      97        0      
    +--+-----------------------------+------+---------+---------+
       Grand Total:                  2522   413       1180   


LINKER GENERATED COPY TABLES

__TI_cinit_table @ 00000b70 records: 2, size/record: 8, table size: 16
	.data: load addr=00000b18, load size=0000003d bytes, run addr=20000000, run size=0000004c bytes, compression=lzss
	.bss: load addr=00000b68, load size=00000008 bytes, run addr=2000004c, run size=00000002 bytes, compression=zero_init


LINKER GENERATED HANDLER TABLE

__TI_handler_table @ 00000b58 records: 3, size/record: 4, table size: 12
	index: 0, handler: __TI_decompress_lzss
	index: 1, handler: __TI_decompress_none
	index: 2, handler: __TI_zero_init


GLOBAL SYMBOLS: SORTED ALPHABETICALLY BY Name 

address   name                                
-------   ----                                
00000aa3  ADC14_IRQHandler                    
00000aa3  AES256_IRQHandler                   
00000aa3  BusFault_Handler                    
00000891  C$$EXIT                             
00000aa3  COMP_E0_IRQHandler                  
00000aa3  COMP_E1_IRQHandler                  
00000aa3  CS_IRQHandler                       
00000aa3  DMA_ERR_IRQHandler                  
00000aa3  DMA_INT0_IRQHandler                 
00000aa3  DMA_INT1_IRQHandler                 
00000aa3  DMA_INT2_IRQHandler                 
00000aa3  DMA_INT3_IRQHandler                 
00000aa3  DebugMon_Handler                    
00000aa3  Default_Handler                     
00000aa3  EUSCIA0_IRQHandler                  
00000aa3  EUSCIA1_IRQHandler                  
00000aa3  EUSCIA2_IRQHandler                  
00000aa3  EUSCIA3_IRQHandler                  
00000aa3  EUSCIB0_IRQHandler                  
00000aa3  EUSCIB1_IRQHandler                  
00000aa3  EUSCIB2_IRQHandler                  
00000aa3  EUSCIB3_IRQHandler                  
00000aa3  FLCTL_IRQHandler                    
00000aa3  FPU_IRQHandler                      
00000a05  GPIO_clearInterruptFlag             
00000a4d  GPIO_enableInterrupt                
000009c9  GPIO_interruptEdgeSelect            
00000975  GPIO_setAsInputPinWithPullUpResistor
000009a5  GPIO_setAsOutputPin                 
00000a61  GPIO_setOutputHighOnPin             
00000a1d  GPIO_setOutputLowOnPin              
00000aa3  HardFault_Handler                   
000007d9  Interrupt_enableInterrupt           
00000aa3  MemManage_Handler                   
00000aa3  NMI_Handler                         
00000aa3  PCM_IRQHandler                      
00000aa3  PORT1_IRQHandler                    
00000aa3  PORT2_IRQHandler                    
00000aa3  PORT3_IRQHandler                    
00000aa3  PORT4_IRQHandler                    
000004cb  PORT5_IRQHandler                    
000004cb  PORT5_IRQHandler                    
00000aa3  PORT6_IRQHandler                    
00000aa3  PSS_IRQHandler                      
00000aa3  PendSV_Handler                      
00000aa3  RTC_C_IRQHandler                    
00000a97  Reset_Handler                       
UNDEFED   SHT$$INIT_ARRAY$$Base               
UNDEFED   SHT$$INIT_ARRAY$$Limit              
00000aa3  SVC_Handler                         
00000aa3  SysTick_Handler                     
20000048  SystemCoreClock                     
000000e5  SystemCoreClockUpdate               
00000359  SystemInit                          
00000aa3  T32_INT1_IRQHandler                 
00000aa3  T32_INT2_IRQHandler                 
00000aa3  T32_INTC_IRQHandler                 
00000485  TA0_0_IRQHandler                    
00000485  TA0_0_IRQHandler                    
00000aa3  TA0_N_IRQHandler                    
00000aa3  TA1_0_IRQHandler                    
00000aa3  TA1_N_IRQHandler                    
00000aa3  TA2_0_IRQHandler                    
00000aa3  TA2_N_IRQHandler                    
00000aa3  TA3_0_IRQHandler                    
00000aa3  TA3_N_IRQHandler                    
000009e9  Timer_A_clearCaptureCompareInterrupt
00000931  Timer_A_configureUpMode             
00000ab1  Timer_A_startCounter                
00000aa3  UsageFault_Handler                  
4000480c  WDTCTL_SYM                          
00000aa3  WDT_A_IRQHandler                    
20010000  __STACK_END                         
00000200  __STACK_SIZE                        
00000b70  __TI_CINIT_Base                     
00000b80  __TI_CINIT_Limit                    
00000b58  __TI_Handler_Table_Base             
00000b64  __TI_Handler_Table_Limit            
00000701  __TI_auto_init                      
20000030  __TI_cleanup_ptr                    
00000771  __TI_decompress_lzss                
00000a89  __TI_decompress_none                
20000034  __TI_dtors_ptr                      
20000038  __TI_enable_exit_profile_output     
ffffffff  __TI_pprof_out_hndl                 
ffffffff  __TI_prof_data_size                 
ffffffff  __TI_prof_data_start                
00000000  __TI_static_base__                  
00000aa5  __TI_zero_init                      
00000687  __aeabi_memclr                      
00000687  __aeabi_memclr4                     
00000687  __aeabi_memclr8                     
000005eb  __aeabi_memcpy                      
000005eb  __aeabi_memcpy4                     
000005eb  __aeabi_memcpy8                     
00000689  __aeabi_memset                      
00000689  __aeabi_memset4                     
00000689  __aeabi_memset8                     
ffffffff  __binit__                           
ffffffff  __c_args__                          
00000a03  __mpu_init                          
2000fe00  __stack                             
00000a35  _args_main                          
0000083d  _c_int00                            
2000003c  _lock                               
00000a83  _nop                                
00000a7b  _register_lock                      
00000a75  _register_unlock                    
00000abd  _system_post_cinit                  
00000ab9  _system_pre_init                    
20000040  _unlock                             
00000895  abort                               
ffffffff  binit                               
000008e5  copy_in                             
2000004c  count                               
0000089d  exit                                
00000000  interruptVectors                    
00000415  main                                
20000044  main_func_sp                        
000005eb  memcpy                              
0000068f  memset                              
00000b00  upConfig                            


GLOBAL SYMBOLS: SORTED BY Symbol Address 

address   name                                
-------   ----                                
00000000  __TI_static_base__                  
00000000  interruptVectors                    
000000e5  SystemCoreClockUpdate               
00000200  __STACK_SIZE                        
00000359  SystemInit                          
00000415  main                                
00000485  TA0_0_IRQHandler                    
00000485  TA0_0_IRQHandler                    
000004cb  PORT5_IRQHandler                    
000004cb  PORT5_IRQHandler                    
000005eb  __aeabi_memcpy                      
000005eb  __aeabi_memcpy4                     
000005eb  __aeabi_memcpy8                     
000005eb  memcpy                              
00000687  __aeabi_memclr                      
00000687  __aeabi_memclr4                     
00000687  __aeabi_memclr8                     
00000689  __aeabi_memset                      
00000689  __aeabi_memset4                     
00000689  __aeabi_memset8                     
0000068f  memset                              
00000701  __TI_auto_init                      
00000771  __TI_decompress_lzss                
000007d9  Interrupt_enableInterrupt           
0000083d  _c_int00                            
00000891  C$$EXIT                             
00000895  abort                               
0000089d  exit                                
000008e5  copy_in                             
00000931  Timer_A_configureUpMode             
00000975  GPIO_setAsInputPinWithPullUpResistor
000009a5  GPIO_setAsOutputPin                 
000009c9  GPIO_interruptEdgeSelect            
000009e9  Timer_A_clearCaptureCompareInterrupt
00000a03  __mpu_init                          
00000a05  GPIO_clearInterruptFlag             
00000a1d  GPIO_setOutputLowOnPin              
00000a35  _args_main                          
00000a4d  GPIO_enableInterrupt                
00000a61  GPIO_setOutputHighOnPin             
00000a75  _register_unlock                    
00000a7b  _register_lock                      
00000a83  _nop                                
00000a89  __TI_decompress_none                
00000a97  Reset_Handler                       
00000aa3  ADC14_IRQHandler                    
00000aa3  AES256_IRQHandler                   
00000aa3  BusFault_Handler                    
00000aa3  COMP_E0_IRQHandler                  
00000aa3  COMP_E1_IRQHandler                  
00000aa3  CS_IRQHandler                       
00000aa3  DMA_ERR_IRQHandler                  
00000aa3  DMA_INT0_IRQHandler                 
00000aa3  DMA_INT1_IRQHandler                 
00000aa3  DMA_INT2_IRQHandler                 
00000aa3  DMA_INT3_IRQHandler                 
00000aa3  DebugMon_Handler                    
00000aa3  Default_Handler                     
00000aa3  EUSCIA0_IRQHandler                  
00000aa3  EUSCIA1_IRQHandler                  
00000aa3  EUSCIA2_IRQHandler                  
00000aa3  EUSCIA3_IRQHandler                  
00000aa3  EUSCIB0_IRQHandler                  
00000aa3  EUSCIB1_IRQHandler                  
00000aa3  EUSCIB2_IRQHandler                  
00000aa3  EUSCIB3_IRQHandler                  
00000aa3  FLCTL_IRQHandler                    
00000aa3  FPU_IRQHandler                      
00000aa3  HardFault_Handler                   
00000aa3  MemManage_Handler                   
00000aa3  NMI_Handler                         
00000aa3  PCM_IRQHandler                      
00000aa3  PORT1_IRQHandler                    
00000aa3  PORT2_IRQHandler                    
00000aa3  PORT3_IRQHandler                    
00000aa3  PORT4_IRQHandler                    
00000aa3  PORT6_IRQHandler                    
00000aa3  PSS_IRQHandler                      
00000aa3  PendSV_Handler                      
00000aa3  RTC_C_IRQHandler                    
00000aa3  SVC_Handler                         
00000aa3  SysTick_Handler                     
00000aa3  T32_INT1_IRQHandler                 
00000aa3  T32_INT2_IRQHandler                 
00000aa3  T32_INTC_IRQHandler                 
00000aa3  TA0_N_IRQHandler                    
00000aa3  TA1_0_IRQHandler                    
00000aa3  TA1_N_IRQHandler                    
00000aa3  TA2_0_IRQHandler                    
00000aa3  TA2_N_IRQHandler                    
00000aa3  TA3_0_IRQHandler                    
00000aa3  TA3_N_IRQHandler                    
00000aa3  UsageFault_Handler                  
00000aa3  WDT_A_IRQHandler                    
00000aa5  __TI_zero_init                      
00000ab1  Timer_A_startCounter                
00000ab9  _system_pre_init                    
00000abd  _system_post_cinit                  
00000b00  upConfig                            
00000b58  __TI_Handler_Table_Base             
00000b64  __TI_Handler_Table_Limit            
00000b70  __TI_CINIT_Base                     
00000b80  __TI_CINIT_Limit                    
20000030  __TI_cleanup_ptr                    
20000034  __TI_dtors_ptr                      
20000038  __TI_enable_exit_profile_output     
2000003c  _lock                               
20000040  _unlock                             
20000044  main_func_sp                        
20000048  SystemCoreClock                     
2000004c  count                               
2000fe00  __stack                             
20010000  __STACK_END                         
4000480c  WDTCTL_SYM                          
ffffffff  __TI_pprof_out_hndl                 
ffffffff  __TI_prof_data_size                 
ffffffff  __TI_prof_data_start                
ffffffff  __binit__                           
ffffffff  __c_args__                          
ffffffff  binit                               
UNDEFED   SHT$$INIT_ARRAY$$Base               
UNDEFED   SHT$$INIT_ARRAY$$Limit              

[122 symbols]
