******************************************************************************
                  TI ARM Linker PC v16.9.0                     
******************************************************************************
>> Linked Thu Jan 26 15:56:58 2017

OUTPUT FILE NAME:   <testTrans.out>
ENTRY POINT SYMBOL: "_c_int00"  address: 00000721


MEMORY CONFIGURATION

         name            origin    length      used     unused   attr    fill
----------------------  --------  ---------  --------  --------  ----  --------
  MAIN                  00000000   00040000  000009c0  0003f640  R  X
  INFO                  00200000   00004000  00000000  00004000  R  X
  SRAM_CODE             01000000   00010000  0000024c  0000fdb4  RW X
  SRAM_DATA             20000000   00010000  0000024c  0000fdb4  RW  


SEGMENT ALLOCATION MAP

run origin  load origin   length   init length attrs members
----------  ----------- ---------- ----------- ----- -------
00000000    00000000    000009c0   000009c0    r-x
  00000000    00000000    000000e4   000000e4    r-- .intvecs
  000000e4    000000e4    00000834   00000834    r-x .text
  00000918    00000918    00000058   00000058    r-- .const
  00000970    00000970    00000050   00000050    r-- .cinit
20000000    20000000    0000004c   00000000    rw-
  20000000    20000000    0000004c   00000000    rw- .data
2000fe00    2000fe00    00000200   00000000    rw-
  2000fe00    2000fe00    00000200   00000000    rw- .stack


SECTION ALLOCATION MAP

 output                                  attributes/
section   page    origin      length       input sections
--------  ----  ----------  ----------   ----------------
.intvecs   0    00000000    000000e4     
                  00000000    000000e4     startup_msp432p401r_ccs.obj (.intvecs:retain)

.binit     0    00000000    00000000     

.text      0    000000e4    00000834     
                  000000e4    0000032c     system_msp432p401r.obj (.text)
                  00000410    000000b2     msp432p4xx_driverlib.lib : timer_a.o (.text:privateTimer_AProcessClockSourceDivider)
                  000004c2    0000009c     rtsv7M4_T_le_v4SPD16_eabi.lib : memcpy_t2.obj (.text)
                  0000055e    00000002                                   : mpu_init.obj (.text)
                  00000560    00000084     testTrans.obj (.text)
                  000005e4    00000070     rtsv7M4_T_le_v4SPD16_eabi.lib : autoinit.obj (.text)
                  00000654    00000068                                   : copy_decompress_lzss.obj (.text:decompress:lzss)
                  000006bc    00000064     msp432p4xx_driverlib.lib : interrupt.o (.text:Interrupt_enableInterrupt)
                  00000720    00000054     rtsv7M4_T_le_v4SPD16_eabi.lib : boot.obj (.text)
                  00000774    00000054                                   : exit.obj (.text)
                  000007c8    0000004c                                   : cpy_tbl.obj (.text)
                  00000814    00000044     msp432p4xx_driverlib.lib : timer_a.o (.text:Timer_A_configureUpMode)
                  00000858    00000024                              : gpio.o (.text:GPIO_setAsOutputPin)
                  0000087c    0000001a                              : timer_a.o (.text:Timer_A_clearCaptureCompareInterrupt)
                  00000896    00000002     rtsv7M4_T_le_v4SPD16_eabi.lib : startup.obj (.text)
                  00000898    00000018     msp432p4xx_driverlib.lib : gpio.o (.text:GPIO_setOutputLowOnPin)
                  000008b0    00000018     rtsv7M4_T_le_v4SPD16_eabi.lib : args_main.obj (.text)
                  000008c8    00000014     msp432p4xx_driverlib.lib : gpio.o (.text:GPIO_setOutputHighOnPin)
                  000008dc    00000014     rtsv7M4_T_le_v4SPD16_eabi.lib : _lock.obj (.text)
                  000008f0    0000000e                                   : copy_decompress_none.obj (.text:decompress:none)
                  000008fe    0000000e     startup_msp432p401r_ccs.obj (.text)
                  0000090c    00000008     msp432p4xx_driverlib.lib : timer_a.o (.text:Timer_A_startCounter)
                  00000914    00000004     rtsv7M4_T_le_v4SPD16_eabi.lib : pre_init.obj (.text)

.const     0    00000918    00000058     
                  00000918    00000040     msp432p4xx_driverlib.lib : interrupt.o (.const)
                  00000958    00000018     testTrans.obj (.const:upConfig)

.cinit     0    00000970    00000050     
                  00000970    0000003d     (.cinit..data.load) [load image, compression = lzss]
                  000009ad    00000003     --HOLE-- [fill = 0]
                  000009b0    00000008     (__TI_handler_table)
                  000009b8    00000008     (__TI_cinit_table)

.init_array 
*          0    00000000    00000000     UNINITIALIZED

.data      0    20000000    0000004c     UNINITIALIZED
                  20000000    00000030     msp432p4xx_driverlib.lib : gpio.o (.data:GPIO_PORT_TO_BASE)
                  20000030    0000000c     rtsv7M4_T_le_v4SPD16_eabi.lib : exit.obj (.data:$O1$$)
                  2000003c    00000008                                   : _lock.obj (.data:$O1$$)
                  20000044    00000004                                   : stkdepth_vars.obj (.data)
                  20000048    00000004     system_msp432p401r.obj (.data)

.stack     0    2000fe00    00000200     UNINITIALIZED
                  2000fe00    00000200     --HOLE--

MODULE SUMMARY

       Module                        code   ro data   rw data
       ------                        ----   -------   -------
    .\
       system_msp432p401r.obj        812    0         8      
       startup_msp432p401r_ccs.obj   14     228       0      
       testTrans.obj                 132    24        0      
    +--+-----------------------------+------+---------+---------+
       Total:                        958    252       8      
                                                             
    ../msp432p4xx_driverlib.lib
       timer_a.o                     280    0         0      
       gpio.o                        80     0         96     
       interrupt.o                   100    64        0      
    +--+-----------------------------+------+---------+---------+
       Total:                        460    64        96     
                                                             
    C:\ti\ccsv7\tools\compiler\ti-cgt-arm_16.9.0.LTS\lib\rtsv7M4_T_le_v4SPD16_eabi.lib
       memcpy_t2.obj                 156    0         0      
       autoinit.obj                  112    0         0      
       exit.obj                      84     0         24     
       copy_decompress_lzss.obj      104    0         0      
       boot.obj                      84     0         0      
       cpy_tbl.obj                   76     0         0      
       _lock.obj                     20     0         16     
       args_main.obj                 24     0         0      
       copy_decompress_none.obj      14     0         0      
       stkdepth_vars.obj             0      0         8      
       pre_init.obj                  4      0         0      
       mpu_init.obj                  2      0         0      
       startup.obj                   2      0         0      
    +--+-----------------------------+------+---------+---------+
       Total:                        682    0         48     
                                                             
       Stack:                        0      0         1024   
       Linker Generated:             0      77        0      
    +--+-----------------------------+------+---------+---------+
       Grand Total:                  2100   393       1176   


LINKER GENERATED COPY TABLES

__TI_cinit_table @ 000009b8 records: 1, size/record: 8, table size: 8
	.data: load addr=00000970, load size=0000003d bytes, run addr=20000000, run size=0000004c bytes, compression=lzss


LINKER GENERATED HANDLER TABLE

__TI_handler_table @ 000009b0 records: 2, size/record: 4, table size: 8
	index: 0, handler: __TI_decompress_lzss
	index: 1, handler: __TI_decompress_none


GLOBAL SYMBOLS: SORTED ALPHABETICALLY BY Name 

address   name                                
-------   ----                                
0000090b  ADC14_IRQHandler                    
0000090b  AES256_IRQHandler                   
0000090b  BusFault_Handler                    
00000775  C$$EXIT                             
0000090b  COMP_E0_IRQHandler                  
0000090b  COMP_E1_IRQHandler                  
0000090b  CS_IRQHandler                       
0000090b  DMA_ERR_IRQHandler                  
0000090b  DMA_INT0_IRQHandler                 
0000090b  DMA_INT1_IRQHandler                 
0000090b  DMA_INT2_IRQHandler                 
0000090b  DMA_INT3_IRQHandler                 
0000090b  DebugMon_Handler                    
0000090b  Default_Handler                     
0000090b  EUSCIA0_IRQHandler                  
0000090b  EUSCIA1_IRQHandler                  
0000090b  EUSCIA2_IRQHandler                  
0000090b  EUSCIA3_IRQHandler                  
0000090b  EUSCIB0_IRQHandler                  
0000090b  EUSCIB1_IRQHandler                  
0000090b  EUSCIB2_IRQHandler                  
0000090b  EUSCIB3_IRQHandler                  
0000090b  FLCTL_IRQHandler                    
0000090b  FPU_IRQHandler                      
00000859  GPIO_setAsOutputPin                 
000008c9  GPIO_setOutputHighOnPin             
00000899  GPIO_setOutputLowOnPin              
0000090b  HardFault_Handler                   
000006bd  Interrupt_enableInterrupt           
0000090b  MemManage_Handler                   
0000090b  NMI_Handler                         
0000090b  PCM_IRQHandler                      
0000090b  PORT1_IRQHandler                    
0000090b  PORT2_IRQHandler                    
0000090b  PORT3_IRQHandler                    
0000090b  PORT4_IRQHandler                    
0000090b  PORT5_IRQHandler                    
0000090b  PORT6_IRQHandler                    
0000090b  PSS_IRQHandler                      
0000090b  PendSV_Handler                      
0000090b  RTC_C_IRQHandler                    
000008ff  Reset_Handler                       
UNDEFED   SHT$$INIT_ARRAY$$Base               
UNDEFED   SHT$$INIT_ARRAY$$Limit              
0000090b  SVC_Handler                         
0000090b  SysTick_Handler                     
20000048  SystemCoreClock                     
000000e5  SystemCoreClockUpdate               
00000359  SystemInit                          
0000090b  T32_INT1_IRQHandler                 
0000090b  T32_INT2_IRQHandler                 
0000090b  T32_INTC_IRQHandler                 
00000597  TA0_0_IRQHandler                    
00000597  TA0_0_IRQHandler                    
0000090b  TA0_N_IRQHandler                    
0000090b  TA1_0_IRQHandler                    
0000090b  TA1_N_IRQHandler                    
0000090b  TA2_0_IRQHandler                    
0000090b  TA2_N_IRQHandler                    
0000090b  TA3_0_IRQHandler                    
0000090b  TA3_N_IRQHandler                    
0000087d  Timer_A_clearCaptureCompareInterrupt
00000815  Timer_A_configureUpMode             
0000090d  Timer_A_startCounter                
0000090b  UsageFault_Handler                  
4000480c  WDTCTL_SYM                          
0000090b  WDT_A_IRQHandler                    
20010000  __STACK_END                         
00000200  __STACK_SIZE                        
000009b8  __TI_CINIT_Base                     
000009c0  __TI_CINIT_Limit                    
000009b0  __TI_Handler_Table_Base             
000009b8  __TI_Handler_Table_Limit            
000005e5  __TI_auto_init                      
20000030  __TI_cleanup_ptr                    
00000655  __TI_decompress_lzss                
000008f1  __TI_decompress_none                
20000034  __TI_dtors_ptr                      
20000038  __TI_enable_exit_profile_output     
ffffffff  __TI_pprof_out_hndl                 
ffffffff  __TI_prof_data_size                 
ffffffff  __TI_prof_data_start                
00000000  __TI_static_base__                  
000004c3  __aeabi_memcpy                      
000004c3  __aeabi_memcpy4                     
000004c3  __aeabi_memcpy8                     
ffffffff  __binit__                           
ffffffff  __c_args__                          
0000055f  __mpu_init                          
2000fe00  __stack                             
000008b1  _args_main                          
00000721  _c_int00                            
2000003c  _lock                               
000008eb  _nop                                
000008e3  _register_lock                      
000008dd  _register_unlock                    
00000897  _system_post_cinit                  
00000915  _system_pre_init                    
20000040  _unlock                             
00000779  abort                               
ffffffff  binit                               
000007c9  copy_in                             
00000781  exit                                
00000000  interruptVectors                    
00000561  main                                
20000044  main_func_sp                        
000004c3  memcpy                              
00000958  upConfig                            


GLOBAL SYMBOLS: SORTED BY Symbol Address 

address   name                                
-------   ----                                
00000000  __TI_static_base__                  
00000000  interruptVectors                    
000000e5  SystemCoreClockUpdate               
00000200  __STACK_SIZE                        
00000359  SystemInit                          
000004c3  __aeabi_memcpy                      
000004c3  __aeabi_memcpy4                     
000004c3  __aeabi_memcpy8                     
000004c3  memcpy                              
0000055f  __mpu_init                          
00000561  main                                
00000597  TA0_0_IRQHandler                    
00000597  TA0_0_IRQHandler                    
000005e5  __TI_auto_init                      
00000655  __TI_decompress_lzss                
000006bd  Interrupt_enableInterrupt           
00000721  _c_int00                            
00000775  C$$EXIT                             
00000779  abort                               
00000781  exit                                
000007c9  copy_in                             
00000815  Timer_A_configureUpMode             
00000859  GPIO_setAsOutputPin                 
0000087d  Timer_A_clearCaptureCompareInterrupt
00000897  _system_post_cinit                  
00000899  GPIO_setOutputLowOnPin              
000008b1  _args_main                          
000008c9  GPIO_setOutputHighOnPin             
000008dd  _register_unlock                    
000008e3  _register_lock                      
000008eb  _nop                                
000008f1  __TI_decompress_none                
000008ff  Reset_Handler                       
0000090b  ADC14_IRQHandler                    
0000090b  AES256_IRQHandler                   
0000090b  BusFault_Handler                    
0000090b  COMP_E0_IRQHandler                  
0000090b  COMP_E1_IRQHandler                  
0000090b  CS_IRQHandler                       
0000090b  DMA_ERR_IRQHandler                  
0000090b  DMA_INT0_IRQHandler                 
0000090b  DMA_INT1_IRQHandler                 
0000090b  DMA_INT2_IRQHandler                 
0000090b  DMA_INT3_IRQHandler                 
0000090b  DebugMon_Handler                    
0000090b  Default_Handler                     
0000090b  EUSCIA0_IRQHandler                  
0000090b  EUSCIA1_IRQHandler                  
0000090b  EUSCIA2_IRQHandler                  
0000090b  EUSCIA3_IRQHandler                  
0000090b  EUSCIB0_IRQHandler                  
0000090b  EUSCIB1_IRQHandler                  
0000090b  EUSCIB2_IRQHandler                  
0000090b  EUSCIB3_IRQHandler                  
0000090b  FLCTL_IRQHandler                    
0000090b  FPU_IRQHandler                      
0000090b  HardFault_Handler                   
0000090b  MemManage_Handler                   
0000090b  NMI_Handler                         
0000090b  PCM_IRQHandler                      
0000090b  PORT1_IRQHandler                    
0000090b  PORT2_IRQHandler                    
0000090b  PORT3_IRQHandler                    
0000090b  PORT4_IRQHandler                    
0000090b  PORT5_IRQHandler                    
0000090b  PORT6_IRQHandler                    
0000090b  PSS_IRQHandler                      
0000090b  PendSV_Handler                      
0000090b  RTC_C_IRQHandler                    
0000090b  SVC_Handler                         
0000090b  SysTick_Handler                     
0000090b  T32_INT1_IRQHandler                 
0000090b  T32_INT2_IRQHandler                 
0000090b  T32_INTC_IRQHandler                 
0000090b  TA0_N_IRQHandler                    
0000090b  TA1_0_IRQHandler                    
0000090b  TA1_N_IRQHandler                    
0000090b  TA2_0_IRQHandler                    
0000090b  TA2_N_IRQHandler                    
0000090b  TA3_0_IRQHandler                    
0000090b  TA3_N_IRQHandler                    
0000090b  UsageFault_Handler                  
0000090b  WDT_A_IRQHandler                    
0000090d  Timer_A_startCounter                
00000915  _system_pre_init                    
00000958  upConfig                            
000009b0  __TI_Handler_Table_Base             
000009b8  __TI_CINIT_Base                     
000009b8  __TI_Handler_Table_Limit            
000009c0  __TI_CINIT_Limit                    
20000030  __TI_cleanup_ptr                    
20000034  __TI_dtors_ptr                      
20000038  __TI_enable_exit_profile_output     
2000003c  _lock                               
20000040  _unlock                             
20000044  main_func_sp                        
20000048  SystemCoreClock                     
2000fe00  __stack                             
20010000  __STACK_END                         
4000480c  WDTCTL_SYM                          
ffffffff  __TI_pprof_out_hndl                 
ffffffff  __TI_prof_data_size                 
ffffffff  __TI_prof_data_start                
ffffffff  __binit__                           
ffffffff  __c_args__                          
ffffffff  binit                               
UNDEFED   SHT$$INIT_ARRAY$$Base               
UNDEFED   SHT$$INIT_ARRAY$$Limit              

[108 symbols]
